
 CUESUBS

 Start     Length     Name                   Class
 0001:0000 06676H     _TEXT                  CODE
 0002:0000 00036H     _IOPLTEXT              CODE
 0003:0000 0078DH     _HELP                  FAR_DATA
 0004:0000 0009AH     CUESUBS5_DATA          FAR_DATA
 0005:0000 00314H     _DATA                  DATA
 0005:0314 00000H     CONST                  CONST
 0005:0314 00080H     _BSS                   BSS
 0005:03A0 01716H     c_common               BSS

 Origin   Group
 0005:0   DGROUP

 Address   Export                  Alias

 0001:141C CueDeRegister           CueDeRegister
 0001:08D4 CueDetach               CueDetach
 0001:5ABE CueDetached             CueDetached
 0001:0BB8 CueFreeSegments         CueFreeSegments
 0001:0808 CueGetAliases           CueGetAliases
 0001:0A6E CueGetMessage           CueGetMessage
 0001:0B68 CueGetSegments          CueGetSegments
 0001:0866 CueInsertInput          CueInsertInput
 0001:6560 CueIsAlphaNum           CueIsAlphaNum
 0001:1478 CuePopup                CuePopup
 0001:5B08 CueProcName             CueProcName
 0001:11F2 CueRegister             CueRegister
 0001:0AF2 CueSendMessage          CueSendMessage
 0001:0746 CueSetAliases           CueSetAliases
 0001:0BE6 CueSetPopup             CueSetPopup
 0001:0646 CueSetState             CueSetState
 0001:6594 CueStrniCmp             CueStrniCmp
 0001:65FC CueStrPrev              CueStrPrev
 0001:6622 CueStrToken             CueStrToken
 0001:5A90 CueSysVer               CueSysVer
 0001:6544 CueToLower              CueToLower
 0001:099E CueUnDetach             CueUnDetach
 0002:001B InB                     InB
 0002:0028 OutB                    OutB
 0002:0000 TestAndSet              TestAndSet
 0001:3710 _KbdCharIn              _KbdCharIn
 0001:3A1E _KbdFlushBuffer         _KbdFlushBuffer
 0001:39C6 _KbdPeek                _KbdPeek
 0001:41FE _KbdRouter              _KbdRouter
 0001:3A9E _KbdStringIn            _KbdStringIn
 0001:4AC0 _VioGetConfig           _VioGetConfig
 0001:459E _VioGetMode             _VioGetMode
 0001:49B2 _VioPrtSc               _VioPrtSc
 0001:49E4 _VioPrtScToggle         _VioPrtScToggle
 0001:4B22 _VioRouter              _VioRouter
 0001:4A16 _VioScrLock             _VioScrLock
 0001:4814 _VioScrollUp            _VioScrollUp
 0001:4A72 _VioScrUnLock           _VioScrUnLock
 0001:4644 _VioSetMode             _VioSetMode
 0001:4774 _VioWrtTTY              _VioWrtTTY

  Address         Publics by Name

 0001:4F96       ADDCHAR
 0001:5422       ADDLINE
 0001:5BE8       ADDPROCESS
 0001:020A       AddStacks
 0001:0CCC       ALLOCSG
 0001:503E       BACKUP
 0001:6526       BEEP
 0001:0565       BeginCritical
 0005:03A4       BUFFSEM
 0001:05D8       CheckSem
 0001:0E7A       CHECKTHREADS
 0001:616E       COMMTHREAD
 0001:141C       CueDeRegister
 0001:08D4       CueDetach
 0001:5ABE       CueDetached
 0001:0BB8       CueFreeSegments
 0001:0808       CueGetAliases
 0001:0A6E       CueGetMessage
 0001:0B68       CueGetSegments
 0001:0866       CueInsertInput
 0001:6560       CueIsAlphaNum
 0001:1478       CuePopup
 0001:5B08       CueProcName
 0001:11F2       CueRegister
 0001:0AF2       CueSendMessage
 0001:0746       CueSetAliases
 0001:0BE6       CueSetPopup
 0001:0646       CueSetState
 0001:6594       CueStrniCmp
 0001:65FC       CueStrPrev
 0001:6622       CueStrToken
 0001:5A90       CueSysVer
 0001:6544       CueToLower
 0001:099E       CueUnDetach
 0001:0612       debug
 0005:1AA4       DETACHSEM
 0005:1AB0       DETACHSTARTSEM
 0005:05CC       DETACHSTOPSEM
 0000:0000  Imp  DOSALLOCSEG          (DOSCALLS.34)
 0000:0000  Imp  DOSBEEP              (DOSCALLS.50)
 0000:0000  Imp  DOSCLOSE             (DOSCALLS.59)
 0000:0000  Imp  DOSCREATETHREAD      (DOSCALLS.145)
 0000:0000  Imp  DOSDEVIOCTL          (DOSCALLS.53)
 0000:0000  Imp  DOSEXECPGM           (DOSCALLS.144)
 0000:0000  Imp  DosExit              (DOSCALLS.5)
 0000:0000  Imp  DOSEXITLIST          (DOSCALLS.7)
 0000:0000  Imp  DOSFREESEG           (DOSCALLS.39)
 0000:0000  Imp  DOSGETENV            (DOSCALLS.91)
 0000:0000  Imp  DosGetInfoSeg        (DOSCALLS.8)
 0000:0000  Imp  DOSGETPRTY           (DOSCALLS.9)
 0000:0000  Imp  DOSGETSEG            (DOSCALLS.121)
 0000:0000  Imp  DosHoldSignal        (DOSCALLS.13)
 0000:0000  Imp  DOSKILLPROCESS       (DOSCALLS.10)
 0000:0000  Imp  DOSMONCLOSE          (MONCALLS.DOSMONCLOSE)
 0000:0000  Imp  DOSMONOPEN           (MONCALLS.DOSMONOPEN)
 0000:0000  Imp  DOSMONREAD           (MONCALLS.DOSMONREAD)
 0000:0000  Imp  DOSMONREG            (MONCALLS.DOSMONREG)
 0000:0000  Imp  DOSMONWRITE          (MONCALLS.DOSMONWRITE)
 0000:0000  Imp  DOSOPEN              (DOSCALLS.70)
 0000:0000  Imp  DOSREAD              (DOSCALLS.137)
 0000:0000  Imp  DosReallocSeg        (DOSCALLS.38)
 0000:0000  Imp  DosSemClear          (DOSCALLS.141)
 0000:0000  Imp  DosSemRequest        (DOSCALLS.140)
 0000:0000  Imp  DOSSEMSET            (DOSCALLS.143)
 0000:0000  Imp  DosSemWait           (DOSCALLS.142)
 0000:0000  Imp  DOSSENDSIGNAL        (DOSCALLS.134)
 0000:0000  Imp  DOSSETPRTY           (DOSCALLS.11)
 0000:0000  Imp  DosSetSigHandler     (DOSCALLS.14)
 0000:0000  Imp  DOSSLEEP             (DOSCALLS.32)
 0000:0000  Imp  DOSWRITE             (DOSCALLS.138)
 0001:3330       DRAWBOX
 0001:0580       EndCritical
 0001:4EF2       ENDLINE
 0001:4F56       ERASELINE
 0001:556C       FETCHLINE
 0001:2D58       FINDCHAR
 0001:2ACE       FINDCOLOR
 0001:2612       FINDHELP
 0001:58B6       FINDHIST
 0001:28C2       FINDLINE
 0001:5E78       FINDPROC
 0001:271A       FINDSTAT
 0001:0DA2       FREESEGMENTS
 0001:0C92       FREESG
 0001:0259       FreeStacks
 0001:029B       GetInfo
 0001:2ECC       GETKBDSTATUS
 0001:2FB6       GETKEY
 0001:0D34       GETSEGMENTS
 0001:0442       GetSignals
 0001:0324       GetStackbase
 0003:0000       Helphelp
 0001:4D74       HIDEMOUSE
 0001:5352       HISTBUFFER
 0001:0372       HoldSignals
 0001:4E92       HOMELINE
 0002:001B       InB
 0005:000C       infoblock
 0001:0F4A       INITSG
 0000:0000  Imp  KBDCHARIN            (KBDCALLS.KBDCHARIN)
 0000:0000  Imp  KBDDEREGISTER        (KBDCALLS.KBDDEREGISTER)
 0000:0000  Imp  KBDGETSTATUS         (KBDCALLS.KBDGETSTATUS)
 0000:0000  Imp  KBDPEEK              (KBDCALLS.KBDPEEK)
 0000:0000  Imp  KBDREGISTER          (KBDCALLS.KBDREGISTER)
 0000:0000  Imp  KBDSETSTATUS         (KBDCALLS.KBDSETSTATUS)
 0000:0000  Imp  KBDSTRINGIN          (KBDCALLS.KBDSTRINGIN)
 0001:60F6       KBDTHREAD
 0001:0556       LinkFree
 0001:050F       LinkHeld
 0001:0595       LockSem
 0001:03A6       LockThread
 0001:0614       main
 0001:63C8       MAPKEY
 0001:0C8C       MAPSG
 0001:0BF0       MAPSGNUM
 0001:0C5C       MAPSSG
 0005:03A0       MAXPROCESSES
 0005:03CA       MAXSGNUM
 0000:0000  Imp  MOUCLOSE             (MOUCALLS.MOUCLOSE)
 0000:0000  Imp  MOUOPEN              (MOUCALLS.MOUOPEN)
 0000:0000  Imp  MOUREADEVENTQUE      (MOUCALLS.MOUREADEVENTQUE)
 0001:4D0C       MOUSETHREAD
 0005:1AAA       MSG
 0001:5176       MULTCHAR
 0002:0028       OutB
 0001:1126       PATCH
 0005:1A9C       PGinfoseg
 0005:1AA0       PLinfoseg
 0004:0000       POPTABLE
 0005:05D2       PPROC
 0001:365E       PRINTNUM
 0001:34A0       PRINTSTR
 0005:03A2       PROCESSES
 0001:3010       PROCESSKEY
 0005:05D6       PROCSEM
 0001:0484       PutSignals
 0001:0DF2       READYTHREAD
 0001:038C       ReleaseSignals
 0001:5DA2       REMOVEPROCESS
 0001:522C       REPLACECHAR
 0001:5302       REPLACELINE
 0001:56D6       RESETLINES
 0001:324C       RESTOREBOX
 0001:0008       RestoreDS
 0001:0359       RestoreSignals
 0001:0187       RestoreStacks
 0001:30DC       SAVEBOX
 0001:0340       SaveSignals
 0001:6386       SENDSIGNAL
 0001:4E20       SETINSERT
 0001:2F2A       SETKBDSTATUS
 0005:05DC       SG
 0005:03AA       SGMAP
 0001:24E6       SHOWBAR
 0001:4DCA       SHOWMOUSE
 0001:03C0       SigHandler
 0005:03CC       SRVPID
 0005:0008       stackfree
 0005:0006       stackhead
 0005:000A       stackheld
 0005:0000       stacksem
 0001:0E08       STARTTHREAD
 0001:50A4       SUBCHAR
 0001:0000       SwitchDS
 0001:000C       SwitchStacks
 0002:0000       TestAndSet
 0001:04CF       TestHeld
 0005:03CE       TMPBUFF
 0001:56FA       TRANSFORMLINE
 0001:42A8       TTYCLEAR
 0001:4320       TTYHIDECURSOR
 0001:42C4       TTYSCROLLUP
 0001:42EA       TTYSETPOS
 0001:433C       TTYSHOWCURSOR
 0001:0527       UnlinkHeld
 0001:11A0       UNLOCK
 0001:05C2       UnLockSem
 0001:03B3       UnLockThread
 0000:0000  Imp  VIODEREGISTER        (VIOCALLS.VIODEREGISTER)
 0000:0000  Imp  VIOGETBUF            (VIOCALLS.VIOGETBUF)
 0000:0000  Imp  VIOGETCONFIG         (VIOCALLS.VIOGETCONFIG)
 0000:0000  Imp  VIOGETCP             (VIOCALLS.VIOGETCP)
 0000:0000  Imp  VIOGETCURPOS         (VIOCALLS.VIOGETCURPOS)
 0000:0000  Imp  VIOGETCURTYPE        (VIOCALLS.VIOGETCURTYPE)
 0000:0000  Imp  VIOGETMODE           (VIOCALLS.VIOGETMODE)
 0000:0000  Imp  VIOGETSTATE          (VIOCALLS.VIOGETSTATE)
 0000:0000  Imp  VIOREADCELLSTR       (VIOCALLS.VIOREADCELLSTR)
 0000:0000  Imp  VIOREGISTER          (VIOCALLS.VIOREGISTER)
 0000:0000  Imp  VIOSCRLOCK           (VIOCALLS.VIOSCRLOCK)
 0000:0000  Imp  VIOSCROLLDN          (VIOCALLS.VIOSCROLLDN)
 0000:0000  Imp  VIOSCROLLUP          (VIOCALLS.VIOSCROLLUP)
 0000:0000  Imp  VIOSCRUNLOCK         (VIOCALLS.VIOSCRUNLOCK)
 0000:0000  Imp  VIOSETANSI           (VIOCALLS.VIOSETANSI)
 0000:0000  Imp  VIOSETCURPOS         (VIOCALLS.VIOSETCURPOS)
 0000:0000  Imp  VIOSETCURTYPE        (VIOCALLS.VIOSETCURTYPE)
 0000:0000  Imp  VIOSETMODE           (VIOCALLS.VIOSETMODE)
 0000:0000  Imp  VIOSETSTATE          (VIOCALLS.VIOSETSTATE)
 0000:0000  Imp  VIOWRTCELLSTR        (VIOCALLS.VIOWRTCELLSTR)
 0000:0000  Imp  VIOWRTCHARSTR        (VIOCALLS.VIOWRTCHARSTR)
 0000:0000  Imp  VIOWRTCHARSTRATT     (VIOCALLS.VIOWRTCHARSTRATT)
 0000:0000  Imp  VIOWRTNCELL          (VIOCALLS.VIOWRTNCELL)
 0000:0000  Imp  VIOWRTNCHAR          (VIOCALLS.VIOWRTNCHAR)
 0000:0000  Imp  VioWrtTTY            (VIOCALLS.VIOWRTTTY)
 0001:2F66       XLATEKEY
 0001:3710       _KbdCharIn
 0001:3A1E       _KbdFlushBuffer
 0001:39C6       _KbdPeek
 0001:41FE       _KbdRouter
 0001:3A72       _KBDSETSTATUS
 0001:3A9E       _KbdStringIn
 0001:4358       _VIOGETBUF
 0001:4AC0       _VioGetConfig
 0001:459E       _VioGetMode
 0001:49B2       _VioPrtSc
 0001:49E4       _VioPrtScToggle
 0001:4B22       _VioRouter
 0001:4A16       _VioScrLock
 0001:4814       _VioScrollUp
 0001:4A72       _VioScrUnLock
 0001:497E       _VIOSETANSI
 0001:4602       _VIOSETCURPOS
 0001:4644       _VioSetMode
 0001:43B8       _VIOSHOWBUF
 0001:4704       _VIOWRTCHARSTRATT
 0001:4774       _VioWrtTTY
 0000:0000  Abs  __acrtused

  Address         Publics by Value

 0000:0000  Imp  DOSMONREAD           (MONCALLS.DOSMONREAD)
 0000:0000  Imp  DOSSEMSET            (DOSCALLS.143)
 0000:0000  Imp  DOSREAD              (DOSCALLS.137)
 0000:0000  Imp  VIOWRTNCHAR          (VIOCALLS.VIOWRTNCHAR)
 0000:0000  Imp  DOSGETSEG            (DOSCALLS.121)
 0000:0000  Imp  DOSSETPRTY           (DOSCALLS.11)
 0000:0000  Imp  VIOREADCELLSTR       (VIOCALLS.VIOREADCELLSTR)
 0000:0000  Imp  DOSFREESEG           (DOSCALLS.39)
 0000:0000  Imp  KBDDEREGISTER        (KBDCALLS.KBDDEREGISTER)
 0000:0000  Imp  VIOWRTNCELL          (VIOCALLS.VIOWRTNCELL)
 0000:0000  Imp  DOSOPEN              (DOSCALLS.70)
 0000:0000  Imp  DOSMONREG            (MONCALLS.DOSMONREG)
 0000:0000  Imp  DosReallocSeg        (DOSCALLS.38)
 0000:0000  Imp  KBDCHARIN            (KBDCALLS.KBDCHARIN)
 0000:0000  Imp  VIOSETSTATE          (VIOCALLS.VIOSETSTATE)
 0000:0000  Imp  MOUOPEN              (MOUCALLS.MOUOPEN)
 0000:0000  Imp  DOSGETPRTY           (DOSCALLS.9)
 0000:0000  Imp  DosSemClear          (DOSCALLS.141)
 0000:0000  Imp  DOSDEVIOCTL          (DOSCALLS.53)
 0000:0000  Imp  DOSCLOSE             (DOSCALLS.59)
 0000:0000  Imp  VIOGETSTATE          (VIOCALLS.VIOGETSTATE)
 0000:0000  Imp  DOSEXECPGM           (DOSCALLS.144)
 0000:0000  Imp  VIOWRTCHARSTRATT     (VIOCALLS.VIOWRTCHARSTRATT)
 0000:0000  Imp  MOUREADEVENTQUE      (MOUCALLS.MOUREADEVENTQUE)
 0000:0000  Imp  DOSMONWRITE          (MONCALLS.DOSMONWRITE)
 0000:0000  Imp  DosSemWait           (DOSCALLS.142)
 0000:0000  Imp  VIOSETANSI           (VIOCALLS.VIOSETANSI)
 0000:0000  Imp  VIOSCROLLDN          (VIOCALLS.VIOSCROLLDN)
 0000:0000  Imp  VIODEREGISTER        (VIOCALLS.VIODEREGISTER)
 0000:0000  Imp  VIOSCROLLUP          (VIOCALLS.VIOSCROLLUP)
 0000:0000  Abs  __acrtused
 0000:0000  Imp  DOSWRITE             (DOSCALLS.138)
 0000:0000  Imp  KBDREGISTER          (KBDCALLS.KBDREGISTER)
 0000:0000  Imp  DosHoldSignal        (DOSCALLS.13)
 0000:0000  Imp  DOSSENDSIGNAL        (DOSCALLS.134)
 0000:0000  Imp  VIOGETCURTYPE        (VIOCALLS.VIOGETCURTYPE)
 0000:0000  Imp  VIOSCRLOCK           (VIOCALLS.VIOSCRLOCK)
 0000:0000  Imp  VIOGETCONFIG         (VIOCALLS.VIOGETCONFIG)
 0000:0000  Imp  DosExit              (DOSCALLS.5)
 0000:0000  Imp  DOSEXITLIST          (DOSCALLS.7)
 0000:0000  Imp  DOSBEEP              (DOSCALLS.50)
 0000:0000  Imp  DosSetSigHandler     (DOSCALLS.14)
 0000:0000  Imp  VIOGETCURPOS         (VIOCALLS.VIOGETCURPOS)
 0000:0000  Imp  DosGetInfoSeg        (DOSCALLS.8)
 0000:0000  Imp  DOSKILLPROCESS       (DOSCALLS.10)
 0000:0000  Imp  VIOWRTCELLSTR        (VIOCALLS.VIOWRTCELLSTR)
 0000:0000  Imp  DOSMONOPEN           (MONCALLS.DOSMONOPEN)
 0000:0000  Imp  VIOSETCURTYPE        (VIOCALLS.VIOSETCURTYPE)
 0000:0000  Imp  VIOREGISTER          (VIOCALLS.VIOREGISTER)
 0000:0000  Imp  KBDPEEK              (KBDCALLS.KBDPEEK)
 0000:0000  Imp  VIOWRTCHARSTR        (VIOCALLS.VIOWRTCHARSTR)
 0000:0000  Imp  MOUCLOSE             (MOUCALLS.MOUCLOSE)
 0000:0000  Imp  DOSGETENV            (DOSCALLS.91)
 0000:0000  Imp  DOSCREATETHREAD      (DOSCALLS.145)
 0000:0000  Imp  VIOSETMODE           (VIOCALLS.VIOSETMODE)
 0000:0000  Imp  VIOSETCURPOS         (VIOCALLS.VIOSETCURPOS)
 0000:0000  Imp  VIOSCRUNLOCK         (VIOCALLS.VIOSCRUNLOCK)
 0000:0000  Imp  VioWrtTTY            (VIOCALLS.VIOWRTTTY)
 0000:0000  Imp  KBDSETSTATUS         (KBDCALLS.KBDSETSTATUS)
 0000:0000  Imp  DOSALLOCSEG          (DOSCALLS.34)
 0000:0000  Imp  KBDSTRINGIN          (KBDCALLS.KBDSTRINGIN)
 0000:0000  Imp  KBDGETSTATUS         (KBDCALLS.KBDGETSTATUS)
 0000:0000  Imp  DOSMONCLOSE          (MONCALLS.DOSMONCLOSE)
 0000:0000  Imp  VIOGETMODE           (VIOCALLS.VIOGETMODE)
 0000:0000  Imp  DosSemRequest        (DOSCALLS.140)
 0000:0000  Imp  DOSSLEEP             (DOSCALLS.32)
 0000:0000  Imp  VIOGETBUF            (VIOCALLS.VIOGETBUF)
 0000:0000  Imp  VIOGETCP             (VIOCALLS.VIOGETCP)
 0001:0000       SwitchDS
 0001:0008       RestoreDS
 0001:000C       SwitchStacks
 0001:0187       RestoreStacks
 0001:020A       AddStacks
 0001:0259       FreeStacks
 0001:029B       GetInfo
 0001:0324       GetStackbase
 0001:0340       SaveSignals
 0001:0359       RestoreSignals
 0001:0372       HoldSignals
 0001:038C       ReleaseSignals
 0001:03A6       LockThread
 0001:03B3       UnLockThread
 0001:03C0       SigHandler
 0001:0442       GetSignals
 0001:0484       PutSignals
 0001:04CF       TestHeld
 0001:050F       LinkHeld
 0001:0527       UnlinkHeld
 0001:0556       LinkFree
 0001:0565       BeginCritical
 0001:0580       EndCritical
 0001:0595       LockSem
 0001:05C2       UnLockSem
 0001:05D8       CheckSem
 0001:0612       debug
 0001:0614       main
 0001:0646       CueSetState
 0001:0746       CueSetAliases
 0001:0808       CueGetAliases
 0001:0866       CueInsertInput
 0001:08D4       CueDetach
 0001:099E       CueUnDetach
 0001:0A6E       CueGetMessage
 0001:0AF2       CueSendMessage
 0001:0B68       CueGetSegments
 0001:0BB8       CueFreeSegments
 0001:0BE6       CueSetPopup
 0001:0BF0       MAPSGNUM
 0001:0C5C       MAPSSG
 0001:0C8C       MAPSG
 0001:0C92       FREESG
 0001:0CCC       ALLOCSG
 0001:0D34       GETSEGMENTS
 0001:0DA2       FREESEGMENTS
 0001:0DF2       READYTHREAD
 0001:0E08       STARTTHREAD
 0001:0E7A       CHECKTHREADS
 0001:0F4A       INITSG
 0001:1126       PATCH
 0001:11A0       UNLOCK
 0001:11F2       CueRegister
 0001:141C       CueDeRegister
 0001:1478       CuePopup
 0001:24E6       SHOWBAR
 0001:2612       FINDHELP
 0001:271A       FINDSTAT
 0001:28C2       FINDLINE
 0001:2ACE       FINDCOLOR
 0001:2D58       FINDCHAR
 0001:2ECC       GETKBDSTATUS
 0001:2F2A       SETKBDSTATUS
 0001:2F66       XLATEKEY
 0001:2FB6       GETKEY
 0001:3010       PROCESSKEY
 0001:30DC       SAVEBOX
 0001:324C       RESTOREBOX
 0001:3330       DRAWBOX
 0001:34A0       PRINTSTR
 0001:365E       PRINTNUM
 0001:3710       _KbdCharIn
 0001:39C6       _KbdPeek
 0001:3A1E       _KbdFlushBuffer
 0001:3A72       _KBDSETSTATUS
 0001:3A9E       _KbdStringIn
 0001:41FE       _KbdRouter
 0001:42A8       TTYCLEAR
 0001:42C4       TTYSCROLLUP
 0001:42EA       TTYSETPOS
 0001:4320       TTYHIDECURSOR
 0001:433C       TTYSHOWCURSOR
 0001:4358       _VIOGETBUF
 0001:43B8       _VIOSHOWBUF
 0001:459E       _VioGetMode
 0001:4602       _VIOSETCURPOS
 0001:4644       _VioSetMode
 0001:4704       _VIOWRTCHARSTRATT
 0001:4774       _VioWrtTTY
 0001:4814       _VioScrollUp
 0001:497E       _VIOSETANSI
 0001:49B2       _VioPrtSc
 0001:49E4       _VioPrtScToggle
 0001:4A16       _VioScrLock
 0001:4A72       _VioScrUnLock
 0001:4AC0       _VioGetConfig
 0001:4B22       _VioRouter
 0001:4D0C       MOUSETHREAD
 0001:4D74       HIDEMOUSE
 0001:4DCA       SHOWMOUSE
 0001:4E20       SETINSERT
 0001:4E92       HOMELINE
 0001:4EF2       ENDLINE
 0001:4F56       ERASELINE
 0001:4F96       ADDCHAR
 0001:503E       BACKUP
 0001:50A4       SUBCHAR
 0001:5176       MULTCHAR
 0001:522C       REPLACECHAR
 0001:5302       REPLACELINE
 0001:5352       HISTBUFFER
 0001:5422       ADDLINE
 0001:556C       FETCHLINE
 0001:56D6       RESETLINES
 0001:56FA       TRANSFORMLINE
 0001:58B6       FINDHIST
 0001:5A90       CueSysVer
 0001:5ABE       CueDetached
 0001:5B08       CueProcName
 0001:5BE8       ADDPROCESS
 0001:5DA2       REMOVEPROCESS
 0001:5E78       FINDPROC
 0001:60F6       KBDTHREAD
 0001:616E       COMMTHREAD
 0001:6386       SENDSIGNAL
 0001:63C8       MAPKEY
 0001:6526       BEEP
 0001:6544       CueToLower
 0001:6560       CueIsAlphaNum
 0001:6594       CueStrniCmp
 0001:65FC       CueStrPrev
 0001:6622       CueStrToken
 0002:0000       TestAndSet
 0002:001B       InB
 0002:0028       OutB
 0003:0000       Helphelp
 0004:0000       POPTABLE
 0005:0000       stacksem
 0005:0006       stackhead
 0005:0008       stackfree
 0005:000A       stackheld
 0005:000C       infoblock
 0005:03A0       MAXPROCESSES
 0005:03A2       PROCESSES
 0005:03A4       BUFFSEM
 0005:03AA       SGMAP
 0005:03CA       MAXSGNUM
 0005:03CC       SRVPID
 0005:03CE       TMPBUFF
 0005:05CC       DETACHSTOPSEM
 0005:05D2       PPROC
 0005:05D6       PROCSEM
 0005:05DC       SG
 0005:1A9C       PGinfoseg
 0005:1AA0       PLinfoseg
 0005:1AA4       DETACHSEM
 0005:1AAA       MSG
 0005:1AB0       DETACHSTARTSEM

Program entry point at 0001:0614
